level 0 n=8 cycles=3  costs=[3, 10, 5, 10, 3, 10, 5, 10, 3, 6, 3, 6]
   pattern: ab/B1:T>bc ab/B3:T>ac ac/B1:T>cb ac/B3:T>ab ba/B1:T>ac ba/B3:T>bc bc/B1:T>ca bc/B3:T>ba ca/B1:T>ab ca/B3:T>cb cb/B1:T>ba cb/B3:T>ca
level 1 n=14 cycles=3  costs=[9, 43, 20, 43, 6, 34, 20, 34, 6, 21, 9, 21]
   pattern: same as previous level
level 2 n=20 cycles=3  costs=[24, 136, 68, 136, 9, 103, 68, 103, 9, 69, 24, 69]
   pattern: same as previous level
level 3 n=26 cycles=3  costs=[72, 409, 209, 409, 12, 307, 209, 307, 12, 210, 72, 210]
   pattern: same as previous level
level 4 n=32 cycles=3  costs=[213, 1216, 623, 1216, 15, 910, 623, 910, 15, 624, 213, 624]
   pattern: same as previous level
level 5 n=38 cycles=3  costs=[627, 3595, 1844, 3595, 18, 2686, 1844, 2686, 18, 1845, 627, 1845]
   pattern: same as previous level
level 6 n=44 cycles=3  costs=[1848, 10606, 5444, 10606, 21, 7921, 5444, 7921, 21, 5445, 1848, 5445]
   pattern: same as previous level
level 7 n=50 cycles=3  costs=[5448, 31273, 16055, 31273, 24, 23353, 16055, 23353, 24, 16056, 5448, 16056]
   pattern: same as previous level
level 8 n=56 cycles=3  costs=[16059, 92194, 47333, 92194, 27, 68842, 47333, 68842, 27, 47334, 16059, 47334]
   pattern: same as previous level
level 9 n=62 cycles=3  costs=[47337, 271771, 139532, 271771, 30, 202930, 139532, 202930, 30, 139533, 47337, 139533]
   pattern: same as previous level
level 10 n=68 cycles=3  costs=[139536, 801112, 411308, 801112, 33, 598183, 411308, 598183, 33, 411309, 139536, 411309]
   pattern: same as previous level
level 11 n=74 cycles=3  costs=[411312, 2361457, 1212425, 2361457, 36, 1763275, 1212425, 1763275, 36, 1212426, 411312, 1212426]
   pattern: same as previous level
level 12 n=80 cycles=3  costs=[1212429, 6960904, 3573887, 6960904, 39, 5197630, 3573887, 5197630, 39, 3573888, 1212429, 3573888]
   pattern: same as previous level
